[2026-04-01 02:27:16] INFO: ✅ Neon PostgreSQL pool initialised
[2026-04-01 02:27:30] INFO: ✅ Grok (xAI) AI integration enabled
[2026-04-01 02:27:44] INFO: 🚀 Starting Your Business Name WhatsApp Bot...
[2026-04-01 02:27:44] INFO: 🌐 Using browser: C:\Users\TGNE\AppData\Local\Google\Chrome\Application\chrome.exe
[2026-04-01 02:27:47] INFO: Session status: initBrowser
[2026-04-01 02:28:07] INFO: Session status: openBrowser
[2026-04-01 02:28:07] INFO: Session status: initWhatsapp
[2026-04-01 02:28:19] INFO: Session status: successPageWhatsapp
[2026-04-01 02:28:42] INFO: ✅ Neon PostgreSQL pool initialised
[2026-04-01 02:28:42] INFO: ✅ Grok (xAI) AI integration enabled
[2026-04-01 02:28:43] INFO: 🚀 Starting Your Business Name WhatsApp Bot...
[2026-04-01 02:28:43] INFO: 🌐 Using browser: C:\Users\TGNE\AppData\Local\Google\Chrome\Application\chrome.exe
[2026-04-01 02:28:44] INFO: Session status: initBrowser
[2026-04-01 02:28:51] INFO: Session status: openBrowser
[2026-04-01 02:28:51] INFO: Session status: initWhatsapp
[2026-04-01 02:28:54] INFO: Session status: successPageWhatsapp
[2026-04-01 02:30:01] INFO: Session status: desconnectedMobile
[2026-04-01 02:31:54] INFO: Session status: waitForLogin
[2026-04-01 03:36:49] INFO: ✅ Neon PostgreSQL pool initialised
[2026-04-01 03:36:51] INFO: ✅ Grok (xAI) AI integration enabled
[2026-04-01 03:36:54] INFO: 🚀 Starting Your Business Name WhatsApp Bot...
[2026-04-01 03:36:54] INFO: 🌐 Using browser: C:\Users\TGNE\AppData\Local\Google\Chrome\Application\chrome.exe
[2026-04-01 03:36:58] INFO: Session status: initBrowser
[2026-04-01 03:37:17] INFO: Session status: openBrowser
[2026-04-01 03:37:17] INFO: Session status: initWhatsapp
[2026-04-01 03:37:21] INFO: Session status: successPageWhatsapp
[2026-04-01 03:38:33] INFO: Session status: desconnectedMobile
[2026-04-01 03:40:21] INFO: Session status: waitForLogin
[2026-04-01 03:43:36] INFO: ✅ Neon PostgreSQL pool initialised
[2026-04-01 03:43:39] INFO: ✅ Grok (xAI) AI integration enabled
[2026-04-01 03:43:41] INFO: 🚀 Starting Your Business Name WhatsApp Bot...
[2026-04-01 03:43:41] INFO: 🌐 Using browser: C:\Users\TGNE\AppData\Local\Google\Chrome\Application\chrome.exe
[2026-04-01 03:43:44] INFO: Session status: initBrowser
[2026-04-01 03:43:53] INFO: Session status: openBrowser
[2026-04-01 03:43:53] INFO: Session status: initWhatsapp
[2026-04-01 03:44:00] INFO: Session status: successPageWhatsapp
[2026-04-01 03:45:05] INFO: Session status: desconnectedMobile
[2026-04-01 03:47:19] INFO: Session status: waitForLogin
[2026-04-01 03:50:11] INFO: ✅ Neon PostgreSQL pool initialised
[2026-04-01 03:50:15] INFO: ✅ Grok (xAI) AI integration enabled
[2026-04-01 03:50:17] INFO: 🚀 Starting Your Business Name WhatsApp Bot...
[2026-04-01 03:50:17] INFO: 🌐 Using browser: C:\Users\TGNE\AppData\Local\Google\Chrome\Application\chrome.exe
[2026-04-01 03:50:20] INFO: Session status: initBrowser
[2026-04-01 03:50:31] INFO: Session status: openBrowser
[2026-04-01 03:50:31] INFO: Session status: initWhatsapp
[2026-04-01 03:50:36] INFO: Session status: successPageWhatsapp
[2026-04-01 03:51:41] INFO: Session status: isLogged
[2026-04-01 03:53:19] INFO: ✅ Neon PostgreSQL pool initialised
[2026-04-01 03:53:19] INFO: ✅ Grok (xAI) AI integration enabled
[2026-04-01 03:53:20] INFO: 🚀 Starting Your Business Name WhatsApp Bot...
[2026-04-01 03:53:20] INFO: 🌐 Using browser: C:\Users\TGNE\AppData\Local\Google\Chrome\Application\chrome.exe
[2026-04-01 03:53:22] INFO: Session status: initBrowser
[2026-04-01 03:53:28] INFO: Session status: openBrowser
[2026-04-01 03:53:28] INFO: Session status: initWhatsapp
[2026-04-01 03:53:31] INFO: Session status: successPageWhatsapp
[2026-04-01 03:56:32] INFO: Session status: waitForLogin
[2026-04-01 04:24:22] INFO: ✅ Neon PostgreSQL pool initialised
[2026-04-01 04:24:26] INFO: ✅ Grok (xAI) AI integration enabled
[2026-04-01 04:24:30] INFO: 🚀 Starting Your Business Name WhatsApp Bot...
[2026-04-01 04:24:30] INFO: 🌐 Using browser: C:\Users\TGNE\AppData\Local\Google\Chrome\Application\chrome.exe
[2026-04-01 04:24:34] INFO: Session status: initBrowser
[2026-04-01 04:24:48] INFO: Session status: openBrowser
[2026-04-01 04:24:48] INFO: Session status: initWhatsapp
[2026-04-01 04:25:41] INFO: Session status: successPageWhatsapp
[2026-04-01 04:27:04] INFO: Session status: desconnectedMobile
[2026-04-01 04:28:58] INFO: Session status: isLogged
[2026-04-01 04:29:38] INFO: Session status: waitForLogin
[2026-04-01 04:29:38] INFO: Session status: waitChat
[2026-04-01 04:30:16] INFO: Session status: successChat
[2026-04-01 04:30:16] INFO: ✅ WhatsApp connected!
[2026-04-01 04:30:16] INFO: 
  ╔═══════════════════════════════════════════════╗
  ║   WhatsApp Bot is LIVE! 🎉                     ║
  ║                                               ║
  ║   Admin Panel → http://localhost:3001        ║
  ║   Username    → admin                            ║
  ╚═══════════════════════════════════════════════╝
  
[2026-04-01 04:30:16] INFO: 🖥  Admin dashboard running at http://localhost:3001
[2026-04-01 04:30:16] INFO:    Login: admin / admin123
[2026-04-01 09:57:41] INFO: ✅ Neon PostgreSQL pool initialised
[2026-04-01 09:57:51] INFO: ✅ Grok (xAI) AI integration enabled
[2026-04-01 09:58:01] INFO: 🚀 Starting Your Business Name WhatsApp Bot...
[2026-04-01 09:58:01] INFO: 🌐 Using browser: C:\Users\TGNE\AppData\Local\Google\Chrome\Application\chrome.exe
[2026-04-01 09:58:05] INFO: Session status: initBrowser
[2026-04-01 09:58:18] INFO: Session status: openBrowser
[2026-04-01 09:58:18] INFO: Session status: initWhatsapp
[2026-04-01 09:58:34] INFO: Session status: successPageWhatsapp
[2026-04-01 09:59:04] INFO: ✅ Neon PostgreSQL pool initialised
[2026-04-01 09:59:04] INFO: ✅ Grok (xAI) AI integration enabled
[2026-04-01 09:59:04] INFO: 🚀 Starting Your Business Name WhatsApp Bot...
[2026-04-01 09:59:04] INFO: 🌐 Using browser: C:\Users\TGNE\AppData\Local\Google\Chrome\Application\chrome.exe
[2026-04-01 09:59:06] INFO: Session status: initBrowser
[2026-04-01 09:59:13] INFO: Session status: openBrowser
[2026-04-01 09:59:13] INFO: Session status: initWhatsapp
[2026-04-01 09:59:17] INFO: Session status: successPageWhatsapp
[2026-04-01 09:59:30] INFO: Session status: isLogged
[2026-04-01 09:59:30] INFO: Session status: waitForLogin
[2026-04-01 09:59:30] INFO: Session status: waitChat
[2026-04-01 09:59:33] INFO: Session status: successChat
[2026-04-01 09:59:33] INFO: ✅ WhatsApp connected!
[2026-04-01 09:59:33] INFO: 
  ╔═══════════════════════════════════════════════╗
  ║   WhatsApp Bot is LIVE! 🎉                     ║
  ║                                               ║
  ║   Admin Panel → http://localhost:3001        ║
  ║   Username    → admin                            ║
  ╚═══════════════════════════════════════════════╝
  
[2026-04-01 09:59:33] INFO: 🖥  Admin dashboard running at http://localhost:3001
[2026-04-01 09:59:33] INFO:    Login: admin / admin123
[2026-04-01 10:00:00] INFO: ⏰ Drip campaign check...
[2026-04-01 10:00:03] INFO: ⏱  Drip check: 3 messages configured
[2026-04-01 10:04:36] INFO: ✅ Neon PostgreSQL pool initialised
[2026-04-01 10:04:38] INFO: ✅ Grok (xAI) AI integration enabled
[2026-04-01 10:04:41] INFO: 🚀 Starting Cyber Technologies Ghana WhatsApp Bot...
[2026-04-01 10:04:41] INFO: 🌐 Using browser: C:\Users\TGNE\AppData\Local\Google\Chrome\Application\chrome.exe
[2026-04-01 10:04:44] INFO: Session status: initBrowser
[2026-04-01 10:04:52] INFO: Session status: openBrowser
[2026-04-01 10:04:52] INFO: Session status: initWhatsapp
[2026-04-01 10:06:27] INFO: ✅ Neon PostgreSQL pool initialised
[2026-04-01 10:06:27] INFO: ✅ Grok (xAI) AI integration enabled
[2026-04-01 10:06:57] INFO: ✅ Neon PostgreSQL pool initialised
[2026-04-01 10:07:42] INFO: ✅ Neon PostgreSQL pool initialised
[2026-04-01 10:07:43] INFO: ✅ Grok (xAI) AI integration enabled
[2026-04-01 10:07:43] INFO: 🚀 Starting Cyber Technologies Ghana WhatsApp Bot...
[2026-04-01 10:07:43] INFO: 🌐 Using browser: C:\Users\TGNE\AppData\Local\Google\Chrome\Application\chrome.exe
[2026-04-01 10:07:45] INFO: Session status: initBrowser
[2026-04-01 10:07:56] INFO: Session status: openBrowser
[2026-04-01 10:07:56] INFO: Session status: initWhatsapp
[2026-04-01 10:08:02] INFO: Session status: successPageWhatsapp
[2026-04-01 10:08:11] INFO: ✅ Neon PostgreSQL pool initialised
[2026-04-01 10:08:11] INFO: ✅ Grok (xAI) AI integration enabled
[2026-04-01 10:08:11] INFO: 🚀 Starting Cyber Technologies Ghana WhatsApp Bot...
[2026-04-01 10:08:11] INFO: 🌐 Using browser: C:\Users\TGNE\AppData\Local\Google\Chrome\Application\chrome.exe
[2026-04-01 10:08:14] INFO: Session status: initBrowser
[2026-04-01 10:08:20] INFO: Session status: openBrowser
[2026-04-01 10:08:20] INFO: Session status: initWhatsapp
[2026-04-01 10:08:22] INFO: Session status: successPageWhatsapp
[2026-04-01 10:08:34] INFO: ✅ Neon PostgreSQL pool initialised
[2026-04-01 10:08:34] INFO: ✅ Grok (xAI) AI integration enabled
[2026-04-01 10:08:34] INFO: 🚀 Starting Cyber Technologies Ghana WhatsApp Bot...
[2026-04-01 10:08:34] INFO: 🌐 Using browser: C:\Users\TGNE\AppData\Local\Google\Chrome\Application\chrome.exe
[2026-04-01 10:08:37] INFO: Session status: initBrowser
[2026-04-01 10:08:42] INFO: Session status: openBrowser
[2026-04-01 10:08:42] INFO: Session status: initWhatsapp
[2026-04-01 10:08:43] INFO: Session status: successPageWhatsapp
[2026-04-01 10:09:48] INFO: Session status: isLogged
[2026-04-01 10:10:16] INFO: Session status: waitForLogin
[2026-04-01 10:10:16] INFO: Session status: waitChat
[2026-04-01 10:10:19] INFO: Session status: successChat
[2026-04-01 10:10:19] INFO: ✅ WhatsApp connected!
[2026-04-01 10:10:19] INFO: 
  ╔═══════════════════════════════════════════════╗
  ║   WhatsApp Bot is LIVE! 🎉                     ║
  ║                                               ║
  ║   Admin Panel → http://localhost:3001        ║
  ║   Username    → admin                            ║
  ╚═══════════════════════════════════════════════╝
  
[2026-04-01 10:10:19] INFO: 🖥  Admin dashboard running at http://localhost:3001
[2026-04-01 10:10:19] INFO:    Login: admin / admin123
[2026-04-01 10:14:42] INFO: ✅ Neon PostgreSQL pool initialised
[2026-04-01 10:14:46] INFO: ✅ Grok (xAI) AI integration enabled
[2026-04-01 10:14:49] INFO: 🚀 Starting Cyber Technologies Ghana WhatsApp Bot...
[2026-04-01 10:14:49] INFO: 🌐 Using browser: C:\Users\TGNE\AppData\Local\Google\Chrome\Application\chrome.exe
[2026-04-01 10:14:54] INFO: Session status: initBrowser
[2026-04-01 10:15:04] INFO: Session status: openBrowser
[2026-04-01 10:15:04] INFO: Session status: initWhatsapp
[2026-04-01 10:15:07] INFO: Session status: successPageWhatsapp
[2026-04-01 10:15:21] INFO: Session status: isLogged
[2026-04-01 10:15:23] INFO: Session status: waitForLogin
[2026-04-01 10:15:23] INFO: Session status: waitChat
[2026-04-01 10:15:25] INFO: Session status: successChat
[2026-04-01 10:15:25] INFO: ✅ WhatsApp connected!
[2026-04-01 10:15:25] INFO: 
  ╔═══════════════════════════════════════════════╗
  ║   WhatsApp Bot is LIVE! 🎉                     ║
  ║                                               ║
  ║   Admin Panel → http://localhost:3001        ║
  ║   Username    → admin                            ║
  ╚═══════════════════════════════════════════════╝
  
[2026-04-01 10:15:25] INFO: 🖥  Admin dashboard running at http://localhost:3001
[2026-04-01 10:15:25] INFO:    Login: admin / admin123
[2026-04-01 10:20:36] INFO: ✅ Neon PostgreSQL pool initialised
[2026-04-01 10:20:38] INFO: ✅ Grok (xAI) AI integration enabled
[2026-04-01 10:20:40] INFO: ðŸš€ Starting Cyber Technologies Ghana WhatsApp Bot...
[2026-04-01 10:20:40] INFO: ðŸŒ Using browser: C:\Users\TGNE\AppData\Local\Google\Chrome\Application\chrome.exe
[2026-04-01 10:20:43] INFO: Session status: initBrowser
[2026-04-01 10:20:48] INFO: Session status: openBrowser
[2026-04-01 10:20:48] INFO: Session status: initWhatsapp
[2026-04-01 10:20:50] INFO: Session status: successPageWhatsapp
[2026-04-01 10:21:02] INFO: Session status: isLogged
[2026-04-01 10:21:04] INFO: Session status: waitForLogin
[2026-04-01 10:21:04] INFO: Session status: waitChat
[2026-04-01 10:21:07] INFO: Session status: successChat
[2026-04-01 10:21:07] INFO: âœ… WhatsApp connected!
[2026-04-01 10:21:07] INFO: 
  â•”â•â•â•â•â•â•â•â•â•â•â•â•â•â•â•â•â•â•â•â•â•â•â•â•â•â•â•â•â•â•â•â•â•â•â•â•â•â•â•â•â•â•â•â•â•â•â•â•—
  â•‘   WhatsApp Bot is LIVE! ðŸŽ‰                     â•‘
  â•‘                                               â•‘
  â•‘   Admin Panel â†’ http://localhost:3001        â•‘
  â•‘   Username    â†’ admin                            â•‘
  â•šâ•â•â•â•â•â•â•â•â•â•â•â•â•â•â•â•â•â•â•â•â•â•â•â•â•â•â•â•â•â•â•â•â•â•â•â•â•â•â•â•â•â•â•â•â•â•â•â•
  
[2026-04-01 10:21:07] INFO: 🖥  Admin dashboard running at http://localhost:3001
[2026-04-01 10:21:07] INFO:    Login: admin / admin123
[2026-04-01 10:35:52] INFO: ✅ Neon PostgreSQL pool initialised
[2026-04-01 10:35:52] INFO: ✅ Grok (xAI) AI integration enabled
[2026-04-01 10:35:52] INFO: ðŸš€ Starting Cyber Technologies Ghana WhatsApp Bot...
[2026-04-01 10:35:52] INFO: ðŸŒ Using browser: C:\Users\TGNE\AppData\Local\Google\Chrome\Application\chrome.exe
[2026-04-01 10:35:56] INFO: Session status: initBrowser
[2026-04-01 10:36:04] INFO: Session status: openBrowser
[2026-04-01 10:36:04] INFO: Session status: initWhatsapp
[2026-04-01 10:36:06] INFO: Session status: successPageWhatsapp
[2026-04-01 10:36:19] INFO: Session status: isLogged
[2026-04-01 10:36:20] INFO: Session status: waitForLogin
[2026-04-01 10:36:20] INFO: Session status: waitChat
[2026-04-01 10:36:21] INFO: Session status: successChat
[2026-04-01 10:36:21] INFO: âœ… WhatsApp connected!
[2026-04-01 10:36:21] INFO: 
  â•”â•â•â•â•â•â•â•â•â•â•â•â•â•â•â•â•â•â•â•â•â•â•â•â•â•â•â•â•â•â•â•â•â•â•â•â•â•â•â•â•â•â•â•â•â•â•â•â•—
  â•‘   WhatsApp Bot is LIVE! ðŸŽ‰                     â•‘
  â•‘                                               â•‘
  â•‘   Admin Panel â†’ http://localhost:3001        â•‘
  â•‘   Username    â†’ admin                            â•‘
  â•šâ•â•â•â•â•â•â•â•â•â•â•â•â•â•â•â•â•â•â•â•â•â•â•â•â•â•â•â•â•â•â•â•â•â•â•â•â•â•â•â•â•â•â•â•â•â•â•â•
  
[2026-04-01 10:36:21] INFO: 🖥  Admin dashboard running at http://localhost:3001
[2026-04-01 10:36:21] INFO:    Login: admin / admin123
[2026-04-01 10:41:15] INFO: ✅ Neon PostgreSQL pool initialised
[2026-04-01 10:41:16] INFO: ✅ Grok (xAI) AI integration enabled
[2026-04-01 10:41:16] INFO: ðŸš€ Starting Cyber Technologies Ghana WhatsApp Bot...
[2026-04-01 10:41:16] INFO: ðŸŒ Using browser: C:\Users\TGNE\AppData\Local\Google\Chrome\Application\chrome.exe
[2026-04-01 10:41:20] INFO: Session status: initBrowser
[2026-04-01 10:41:30] INFO: Session status: openBrowser
[2026-04-01 10:41:30] INFO: Session status: initWhatsapp
[2026-04-01 10:41:36] INFO: Session status: successPageWhatsapp
[2026-04-01 10:41:53] INFO: Session status: isLogged
[2026-04-01 10:41:55] INFO: Session status: waitForLogin
[2026-04-01 10:41:55] INFO: Session status: waitChat
[2026-04-01 10:42:02] INFO: Session status: successChat
[2026-04-01 10:42:02] INFO: âœ… WhatsApp connected!
[2026-04-01 10:42:02] INFO: 
  â•”â•â•â•â•â•â•â•â•â•â•â•â•â•â•â•â•â•â•â•â•â•â•â•â•â•â•â•â•â•â•â•â•â•â•â•â•â•â•â•â•â•â•â•â•â•â•â•â•—
  â•‘   WhatsApp Bot is LIVE! ðŸŽ‰                     â•‘
  â•‘                                               â•‘
  â•‘   Admin Panel â†’ http://localhost:3001        â•‘
  â•‘   Username    â†’ admin                            â•‘
  â•šâ•â•â•â•â•â•â•â•â•â•â•â•â•â•â•â•â•â•â•â•â•â•â•â•â•â•â•â•â•â•â•â•â•â•â•â•â•â•â•â•â•â•â•â•â•â•â•â•
  
[2026-04-01 10:42:02] INFO: 🖥  Admin dashboard running at http://localhost:3001
[2026-04-01 10:42:02] INFO:    Login: admin / admin123
[2026-04-01 10:42:35] INFO: ✅ Neon PostgreSQL pool initialised
[2026-04-01 10:42:35] INFO: ✅ Grok (xAI) AI integration enabled
[2026-04-01 10:42:35] INFO: Starting Cyber Technologies Ghana WhatsApp Bot...
[2026-04-01 10:42:35] INFO: Using browser: C:\Users\TGNE\AppData\Local\Google\Chrome\Application\chrome.exe
[2026-04-01 10:42:38] INFO: Session status: initBrowser
[2026-04-01 10:42:45] INFO: Session status: openBrowser
[2026-04-01 10:42:45] INFO: Session status: initWhatsapp
[2026-04-01 10:42:47] INFO: Session status: successPageWhatsapp
[2026-04-01 10:43:03] INFO: Session status: isLogged
[2026-04-01 10:43:09] INFO: Session status: waitForLogin
[2026-04-01 10:43:09] INFO: Session status: waitChat
[2026-04-01 10:43:12] INFO: Session status: successChat
[2026-04-01 10:43:12] INFO: WhatsApp connected!
[2026-04-01 10:43:12] INFO: Bot is LIVE! Admin: http://localhost:3001
[2026-04-01 10:43:12] INFO: Admin dashboard running at http://localhost:3001
[2026-04-01 10:43:16] INFO: Message listener ACTIVE - bot ready!
[2026-04-01 10:50:38] INFO: ✅ Neon PostgreSQL pool initialised
[2026-04-01 10:50:44] INFO: ✅ Grok (xAI) AI integration enabled
[2026-04-01 11:00:04] INFO: ⏱  Drip check: 3 messages configured
